.\venv\Scripts\python : Creating test database for 
alias 'default'...
строка:1 знак:1
+ .\venv\Scripts\python manage.py test complaints 
--settings=scp_projec ...
+ ~~~~~~~~~~~~~~~~~~~~~~~~~~~~~~~~~~~~~~~~~~~~~~~~~
~~~~~~~~~~~~~~~~~~~~
    + CategoryInfo          : NotSpecified: (Creat 
   ing test d...as 'default'...:String) [], Remot  
  eException
    + FullyQualifiedErrorId : NativeCommandError
 

E
===================================================
===================
ERROR: test_update_severity (complaints.tests.Compl
aintSeverityUpdateTest.test_update_severity)
---------------------------------------------------
-------------------
Traceback (most recent call last):
  File 
"C:\Users\─рэшры\scp\backend\complaints\tests.py", 
line 24, in setUp
    self.user = 
User.objects.create_user(username='testuser', 
email='test@example.com', password='password', 
role='manager')
                ~~~~~~~~~~~~~~~~~~~~~~~~^^^^^^^^^^^
^^^^^^^^^^^^^^^^^^^^^^^^^^^^^^^^^^^^^^^^^^^^^^^^^^^
^^^^^^^^^^^^^^^^^^^^^^
  File 
"C:\Users\─рэшры\scp\backend\accounts\models.py", 
line 16, in create_user
    user = self.model(email=email, 
username=username, **extra_fields)
  File "C:\Users\─рэшры\scp\backend\venv\Lib\site-p
ackages\django\db\models\base.py", line 569, in 
__init__
    raise TypeError(
    ...<2 lines>...
    )
TypeError: User() got unexpected keyword 
arguments: 'role'

---------------------------------------------------
-------------------
Ran 1 test in 0.009s

FAILED (errors=1)
Destroying test database for alias 'default'...

Found 1 test(s).
System check identified no issues (0 silenced).
